$ docker exec tb2-argus-cancel-async-tasks-1778682361 <setup tests>

$ docker cp /tmp/terminal-bench-2-1/tasks/cancel-async-tasks/tests tb2-argus-cancel-async-tasks-1778682361:/tests

$ docker exec -w /app tb2-argus-cancel-async-tasks-1778682361 bash /tests/test.sh
Hit:1 http://deb.debian.org/debian bookworm InRelease
Get:2 http://deb.debian.org/debian bookworm-updates InRelease [55.4 kB]
Get:3 http://deb.debian.org/debian-security bookworm-security InRelease [48.0 kB]
Get:4 http://deb.debian.org/debian-security bookworm-security/main amd64 Packages [305 kB]
Fetched 408 kB in 0s (1781 kB/s)
Reading package lists...
Reading package lists...
Building dependency tree...
Reading state information...
curl is already the newest version (7.88.1-10+deb12u14).
0 upgraded, 0 newly installed, 0 to remove and 27 not upgraded.
downloading uv 0.9.5 x86_64-unknown-linux-gnu
no checksums to verify
installing to /root/.local/bin
  uv
  uvx
everything's installed!
============================= test session starts ==============================
platform linux -- Python 3.13.7, pytest-8.4.1, pluggy-1.6.0
rootdir: /tests
plugins: json-ctrf-0.3.5
collected 6 items

../tests/test_outputs.py ......                                          [100%]

==================================== PASSES ====================================
=========================== short test summary info ============================
PASSED ../tests/test_outputs.py::test_run_py_file_exists
PASSED ../tests/test_outputs.py::test_tasks_run_concurrently
PASSED ../tests/test_outputs.py::test_tasks_obey_max_concurrent
PASSED ../tests/test_outputs.py::test_tasks_cancel_below_max_concurrent
PASSED ../tests/test_outputs.py::test_tasks_cancel_at_max_concurrent
PASSED ../tests/test_outputs.py::test_tasks_cancel_above_max_concurrent
============================== 6 passed in 13.71s ==============================

$ cat /logs/verifier/reward.txt
1
