argus-skill prep: matched=False match_count=0 skill_used=True elapsed=23.9s
argus-skill prep: matched=False match_count=0 skill_used=True elapsed=28.3s
argus-skill prep: matched=False match_count=0 skill_used=True elapsed=25.4s
round 1 engineer: exit=1, 0 agent_messages, 10.0s
round 1 engineer failed (engineer exit_code=1) — retrying in round 2
round 1 engineer: exit=1, 0 agent_messages, 9.4s
round 1 engineer failed (engineer exit_code=1) — retrying in round 2
round 1 engineer: exit=1, 0 agent_messages, 9.1s
round 1 engineer failed (engineer exit_code=1) — retrying in round 2
argus-skill prep: matched=False match_count=0 skill_used=True elapsed=29.8s
argus-skill prep: matched=False match_count=0 skill_used=True elapsed=43.6s
argus-skill prep: matched=False match_count=0 skill_used=True elapsed=44.6s
round 2 engineer: exit=1, 6 agent_messages, 42.8s
round 1 engineer: exit=1, 7 agent_messages, 45.0s
round 2 engineer: exit=1, 5 agent_messages, 46.8s
round 1 engineer: exit=1, 5 agent_messages, 46.9s
argus-skill prep: matched=False match_count=0 skill_used=True elapsed=80.7s
round 1 engineer: exit=1, 3 agent_messages, 37.6s
full cost: eng=$0.0715 (1 sess) match=$0.0000 sci=$0.0577 rev=$0.0630 total=$0.1922
argus-skill prep: matched=False match_count=0 skill_used=True elapsed=69.3s
round 1 engineer: exit=1, 1 agent_messages, 13.1s
full cost: eng=$0.0381 (1 sess) match=$0.0000 sci=$0.0593 rev=$0.4504 total=$0.5479
round 1 engineer: exit=1, 3 agent_messages, 42.0s
round 1 engineer failed (engineer exit_code=1) — retrying in round 2
reviewer round 1 exceeded 60s
round 1 engineer failed (engineer exit_code=1) — retrying in round 2
reviewer round 1 exceeded 60s
round 1 engineer failed (engineer exit_code=1) — retrying in round 2
round 2 engineer: exit=1, 0 agent_messages, 8.9s
full cost: eng=$0.0510 (1 sess) match=$0.0000 sci=$0.0604 rev=$0.0000 total=$0.1114
round 2 engineer: exit=1, 1 agent_messages, 12.6s
round 2 engineer: exit=1, 1 agent_messages, 17.9s
round 1 engineer failed (engineer exit_code=1) — retrying in round 2
round 2 engineer: exit=1, 7 agent_messages, 131.9s
round 2 engineer: exit=1, 1 agent_messages, 13.6s
argus-skill prep: matched=False match_count=0 skill_used=True elapsed=43.8s
full cost: eng=$0.0584 (2 sess) match=$0.0000 sci=$0.0768 rev=$0.0865 total=$0.2217
full cost: eng=$0.0385 (2 sess) match=$0.0000 sci=$0.0786 rev=$0.4653 total=$0.5823
reviewer round 1 exceeded 60s
round 1 engineer failed (engineer exit_code=1) — retrying in round 2
full cost: eng=$0.0165 (2 sess) match=$0.0342 sci=$0.2106 rev=$0.2579 total=$0.5191
reviewer round 2 exceeded 60s
full cost: eng=$0.1347 (1 sess) match=$0.0000 sci=$0.0624 rev=$0.0000 total=$0.1972
round 1 engineer: exit=0, 6 agent_messages, 43.2s
round 1 clean but reviewer said continue — retrying
round 2 engineer: exit=1, 2 agent_messages, 26.8s
round 2 engineer: exit=1, 5 agent_messages, 95.0s
full cost: eng=$0.1722 (2 sess) match=$0.0000 sci=$0.3258 rev=$0.0942 total=$0.5921
full cost: eng=$0.0868 (2 sess) match=$0.0330 sci=$0.0788 rev=$0.3929 total=$0.5915
